// Jest Snapshot v1, https://goo.gl/fbAQLP

exports[`renders ImageItem.js correctly 1`] = `
<div
  className="grid-item"
>
  <img />
  <h3 />
  <p />
</div>
`;
