// Jest Snapshot v1, https://goo.gl/fbAQLP

exports[`renders ImageList.js correctly 1`] = `
<div
  className="grid-container"
  id="image-list"
/>
`;
